fixture=0 ppp=1 rotation=None heights=[1000.0, 1001.0, 1000.0, 1001.0, 1000.0] gap_px=0 actual=[0.0, 0.0, 0.0, 0.0] painted=[(-2501.0, -1501.0), (-1501.0, -500.0), (-500.0, 500.0), (500.0, 1501.0), (1501.0, 2501.0)]
fixture=0 ppp=1 rotation=Cw90 heights=[1000.0, 1001.0, 1000.0, 1001.0, 1000.0] gap_px=0 actual=[0.0, 0.0, 0.0, 0.0] painted=[(-2501.0, -1501.0), (-1501.0, -500.0), (-500.0, 500.0), (500.0, 1501.0), (1501.0, 2501.0)]
fixture=0 ppp=1 rotation=Cw180 heights=[1000.0, 1001.0, 1000.0, 1001.0, 1000.0] gap_px=0 actual=[0.0, 0.0, 0.0, 0.0] painted=[(-2501.0, -1501.0), (-1501.0, -500.0), (-500.0, 500.0), (500.0, 1501.0), (1501.0, 2501.0)]
fixture=0 ppp=1 rotation=Cw270 heights=[1000.0, 1001.0, 1000.0, 1001.0, 1000.0] gap_px=0 actual=[0.0, 0.0, 0.0, 0.0] painted=[(-2501.0, -1501.0), (-1501.0, -500.0), (-500.0, 500.0), (500.0, 1501.0), (1501.0, 2501.0)]
fixture=1 ppp=1 rotation=None heights=[1001.0, 1001.0, 1001.0, 1001.0, 1001.0] gap_px=0 actual=[0.0, 0.0, 0.0, 0.0] painted=[(-2502.0, -1501.0), (-1501.0, -500.0), (-500.0, 501.0), (501.0, 1502.0), (1502.0, 2503.0)]
fixture=1 ppp=1 rotation=Cw90 heights=[1001.0, 1001.0, 1001.0, 1001.0, 1001.0] gap_px=0 actual=[0.0, 0.0, 0.0, 0.0] painted=[(-2502.0, -1501.0), (-1501.0, -500.0), (-500.0, 501.0), (501.0, 1502.0), (1502.0, 2503.0)]
fixture=1 ppp=1 rotation=Cw180 heights=[1001.0, 1001.0, 1001.0, 1001.0, 1001.0] gap_px=0 actual=[0.0, 0.0, 0.0, 0.0] painted=[(-2502.0, -1501.0), (-1501.0, -500.0), (-500.0, 501.0), (501.0, 1502.0), (1502.0, 2503.0)]
fixture=1 ppp=1 rotation=Cw270 heights=[1001.0, 1001.0, 1001.0, 1001.0, 1001.0] gap_px=0 actual=[0.0, 0.0, 0.0, 0.0] painted=[(-2502.0, -1501.0), (-1501.0, -500.0), (-500.0, 501.0), (501.0, 1502.0), (1502.0, 2503.0)]
fixture=2 ppp=1 rotation=None heights=[1000.5, 1000.5, 1000.5, 1000.5, 1000.5] gap_px=0 actual=[-1.0, 0.0, -1.0, 0.0] painted=[(-2501.0, -1500.0), (-1501.0, -500.0), (-500.0, 501.0), (500.0, 1501.0), (1501.0, 2502.0)]
fixture=2 ppp=1 rotation=Cw90 heights=[1001.0, 1001.0, 1001.0, 1001.0, 1001.0] gap_px=0 actual=[0.0, 0.0, 0.0, 0.0] painted=[(-2502.0, -1501.0), (-1501.0, -500.0), (-500.0, 501.0), (501.0, 1502.0), (1502.0, 2503.0)]
fixture=2 ppp=1 rotation=Cw180 heights=[1000.5, 1000.5, 1000.5, 1000.5, 1000.5] gap_px=0 actual=[-1.0, 0.0, -1.0, 0.0] painted=[(-2501.0, -1500.0), (-1501.0, -500.0), (-500.0, 501.0), (500.0, 1501.0), (1501.0, 2502.0)]
fixture=2 ppp=1 rotation=Cw270 heights=[1001.0, 1001.0, 1001.0, 1001.0, 1001.0] gap_px=0 actual=[0.0, 0.0, 0.0, 0.0] painted=[(-2502.0, -1501.0), (-1501.0, -500.0), (-500.0, 501.0), (501.0, 1502.0), (1502.0, 2503.0)]
fixture=0 ppp=1.25 rotation=None heights=[800.0, 800.8, 800.0, 800.8, 800.0] gap_px=0 actual=[0.0, 6.1035156e-5, 0.0, 0.0] painted=[(-2501.0, -1501.0), (-1501.0, -500.00006), (-500.0, 500.0), (500.0, 1501.0), (1501.0, 2501.0)]
fixture=0 ppp=1.25 rotation=Cw90 heights=[800.0, 800.8, 800.0, 800.8, 800.0] gap_px=0 actual=[0.0, 6.1035156e-5, 0.0, 0.0] painted=[(-2501.0, -1501.0), (-1501.0, -500.00006), (-500.0, 500.0), (500.0, 1501.0), (1501.0, 2501.0)]
fixture=0 ppp=1.25 rotation=Cw180 heights=[800.0, 800.8, 800.0, 800.8, 800.0] gap_px=0 actual=[0.0, 6.1035156e-5, 0.0, 0.0] painted=[(-2501.0, -1501.0), (-1501.0, -500.00006), (-500.0, 500.0), (500.0, 1501.0), (1501.0, 2501.0)]
fixture=0 ppp=1.25 rotation=Cw270 heights=[800.0, 800.8, 800.0, 800.8, 800.0] gap_px=0 actual=[0.0, 6.1035156e-5, 0.0, 0.0] painted=[(-2501.0, -1501.0), (-1501.0, -500.00006), (-500.0, 500.0), (500.0, 1501.0), (1501.0, 2501.0)]
fixture=1 ppp=1.25 rotation=None heights=[800.8, 800.8, 800.8, 800.8, 800.8] gap_px=0 actual=[-0.00012207031, 0.0, 0.0, 0.0] painted=[(-2502.0, -1500.9999), (-1501.0, -500.0), (-500.0, 501.0), (501.0, 1502.0), (1502.0, 2503.0)]
fixture=1 ppp=1.25 rotation=Cw90 heights=[800.8, 800.8, 800.8, 800.8, 800.8] gap_px=0 actual=[-0.00012207031, 0.0, 0.0, 0.0] painted=[(-2502.0, -1500.9999), (-1501.0, -500.0), (-500.0, 501.0), (501.0, 1502.0), (1502.0, 2503.0)]
fixture=1 ppp=1.25 rotation=Cw180 heights=[800.8, 800.8, 800.8, 800.8, 800.8] gap_px=0 actual=[-0.00012207031, 0.0, 0.0, 0.0] painted=[(-2502.0, -1500.9999), (-1501.0, -500.0), (-500.0, 501.0), (501.0, 1502.0), (1502.0, 2503.0)]
fixture=1 ppp=1.25 rotation=Cw270 heights=[800.8, 800.8, 800.8, 800.8, 800.8] gap_px=0 actual=[-0.00012207031, 0.0, 0.0, 0.0] painted=[(-2502.0, -1500.9999), (-1501.0, -500.0), (-500.0, 501.0), (501.0, 1502.0), (1502.0, 2503.0)]
fixture=2 ppp=1.25 rotation=None heights=[800.4, 800.4, 800.4, 800.4, 800.4] gap_px=0 actual=[-1.0, 0.0, -1.0, 0.0] painted=[(-2501.0, -1500.0), (-1501.0, -500.0), (-500.0, 501.0), (500.0, 1501.0), (1501.0, 2502.0)]
fixture=2 ppp=1.25 rotation=Cw90 heights=[800.8, 800.8, 800.8, 800.8, 800.8] gap_px=0 actual=[-0.00012207031, 0.0, 0.0, 0.0] painted=[(-2502.0, -1500.9999), (-1501.0, -500.0), (-500.0, 501.0), (501.0, 1502.0), (1502.0, 2503.0)]
fixture=2 ppp=1.25 rotation=Cw180 heights=[800.4, 800.4, 800.4, 800.4, 800.4] gap_px=0 actual=[-1.0, 6.1035156e-5, -1.0, 0.0] painted=[(-2501.0, -1500.0), (-1501.0, -500.00006), (-500.0, 501.0), (500.0, 1501.0), (1501.0, 2502.0)]
fixture=2 ppp=1.25 rotation=Cw270 heights=[800.8, 800.8, 800.8, 800.8, 800.8] gap_px=0 actual=[-0.00012207031, 0.0, 0.0, 0.0] painted=[(-2502.0, -1500.9999), (-1501.0, -500.0), (-500.0, 501.0), (501.0, 1502.0), (1502.0, 2503.0)]
fixture=0 ppp=1.5 rotation=None heights=[666.6667, 667.3333, 666.6667, 667.3333, 666.6667] gap_px=0 actual=[0.0, 6.1035156e-5, 0.0, 0.0] painted=[(-2501.0, -1501.0), (-1501.0, -500.00006), (-500.0, 500.0), (500.0, 1501.0), (1501.0, 2501.0)]
fixture=0 ppp=1.5 rotation=Cw90 heights=[666.6667, 667.3333, 666.6667, 667.3333, 666.6667] gap_px=0 actual=[0.0, 6.1035156e-5, 0.0, 0.0] painted=[(-2501.0, -1501.0), (-1501.0, -500.00006), (-500.0, 500.0), (500.0, 1501.0), (1501.0, 2501.0)]
fixture=0 ppp=1.5 rotation=Cw180 heights=[666.6667, 667.3333, 666.6667, 667.3333, 666.6667] gap_px=0 actual=[0.0, 6.1035156e-5, 0.0, 0.0] painted=[(-2501.0, -1501.0), (-1501.0, -500.00006), (-500.0, 500.0), (500.0, 1501.0), (1501.0, 2501.0)]
fixture=0 ppp=1.5 rotation=Cw270 heights=[666.6667, 667.3333, 666.6667, 667.3333, 666.6667] gap_px=0 actual=[0.0, 6.1035156e-5, 0.0, 0.0] painted=[(-2501.0, -1501.0), (-1501.0, -500.00006), (-500.0, 500.0), (500.0, 1501.0), (1501.0, 2501.0)]
fixture=1 ppp=1.5 rotation=None heights=[667.3333, 667.3333, 667.3333, 667.3333, 667.3333] gap_px=0 actual=[0.0, -3.0517578e-5, 0.0, 0.0] painted=[(-2502.0, -1501.0), (-1501.0, -499.99997), (-500.0, 501.0), (501.0, 1502.0), (1502.0, 2503.0)]
fixture=1 ppp=1.5 rotation=Cw90 heights=[667.3333, 667.3333, 667.3333, 667.3333, 667.3333] gap_px=0 actual=[0.0, -3.0517578e-5, 0.0, 0.0] painted=[(-2502.0, -1501.0), (-1501.0, -499.99997), (-500.0, 501.0), (501.0, 1502.0), (1502.0, 2503.0)]
fixture=1 ppp=1.5 rotation=Cw180 heights=[667.3333, 667.3333, 667.3333, 667.3333, 667.3333] gap_px=0 actual=[0.0, -3.0517578e-5, 0.0, 0.0] painted=[(-2502.0, -1501.0), (-1501.0, -499.99997), (-500.0, 501.0), (501.0, 1502.0), (1502.0, 2503.0)]
fixture=1 ppp=1.5 rotation=Cw270 heights=[667.3333, 667.3333, 667.3333, 667.3333, 667.3333] gap_px=0 actual=[0.0, -3.0517578e-5, 0.0, 0.0] painted=[(-2502.0, -1501.0), (-1501.0, -499.99997), (-500.0, 501.0), (501.0, 1502.0), (1502.0, 2503.0)]
fixture=2 ppp=1.5 rotation=None heights=[667.0, 667.0, 667.0, 667.0, 667.0] gap_px=0 actual=[-0.9998779, -3.0517578e-5, -1.0, 0.0] painted=[(-2501.0, -1500.0001), (-1501.0, -499.99997), (-500.0, 501.0), (500.0, 1501.0), (1501.0, 2502.0)]
fixture=2 ppp=1.5 rotation=Cw90 heights=[667.3333, 667.3333, 667.3333, 667.3333, 667.3333] gap_px=0 actual=[0.0, -3.0517578e-5, 0.0, 0.0] painted=[(-2502.0, -1501.0), (-1501.0, -499.99997), (-500.0, 501.0), (501.0, 1502.0), (1502.0, 2503.0)]
fixture=2 ppp=1.5 rotation=Cw180 heights=[667.0, 667.0, 667.0, 667.0, 667.0] gap_px=0 actual=[-0.9998779, 6.1035156e-5, -0.99993896, 0.0] painted=[(-2501.0, -1500.0001), (-1501.0, -500.00006), (-500.0, 500.99994), (500.0, 1501.0), (1501.0, 2502.0)]
fixture=2 ppp=1.5 rotation=Cw270 heights=[667.3333, 667.3333, 667.3333, 667.3333, 667.3333] gap_px=0 actual=[0.0, -3.0517578e-5, 0.0, 0.0] painted=[(-2502.0, -1501.0), (-1501.0, -499.99997), (-500.0, 501.0), (501.0, 1502.0), (1502.0, 2503.0)]
fixture=0 ppp=2 rotation=None heights=[500.0, 500.5, 500.0, 500.5, 500.0] gap_px=0 actual=[0.0, 0.0, 0.0, 0.0] painted=[(-2501.0, -1501.0), (-1501.0, -500.0), (-500.0, 500.0), (500.0, 1501.0), (1501.0, 2501.0)]
fixture=0 ppp=2 rotation=Cw90 heights=[500.0, 500.5, 500.0, 500.5, 500.0] gap_px=0 actual=[0.0, 0.0, 0.0, 0.0] painted=[(-2501.0, -1501.0), (-1501.0, -500.0), (-500.0, 500.0), (500.0, 1501.0), (1501.0, 2501.0)]
fixture=0 ppp=2 rotation=Cw180 heights=[500.0, 500.5, 500.0, 500.5, 500.0] gap_px=0 actual=[0.0, 0.0, 0.0, 0.0] painted=[(-2501.0, -1501.0), (-1501.0, -500.0), (-500.0, 500.0), (500.0, 1501.0), (1501.0, 2501.0)]
fixture=0 ppp=2 rotation=Cw270 heights=[500.0, 500.5, 500.0, 500.5, 500.0] gap_px=0 actual=[0.0, 0.0, 0.0, 0.0] painted=[(-2501.0, -1501.0), (-1501.0, -500.0), (-500.0, 500.0), (500.0, 1501.0), (1501.0, 2501.0)]
fixture=1 ppp=2 rotation=None heights=[500.5, 500.5, 500.5, 500.5, 500.5] gap_px=0 actual=[0.0, 0.0, 0.0, 0.0] painted=[(-2502.0, -1501.0), (-1501.0, -500.0), (-500.0, 501.0), (501.0, 1502.0), (1502.0, 2503.0)]
fixture=1 ppp=2 rotation=Cw90 heights=[500.5, 500.5, 500.5, 500.5, 500.5] gap_px=0 actual=[0.0, 0.0, 0.0, 0.0] painted=[(-2502.0, -1501.0), (-1501.0, -500.0), (-500.0, 501.0), (501.0, 1502.0), (1502.0, 2503.0)]
fixture=1 ppp=2 rotation=Cw180 heights=[500.5, 500.5, 500.5, 500.5, 500.5] gap_px=0 actual=[0.0, 0.0, 0.0, 0.0] painted=[(-2502.0, -1501.0), (-1501.0, -500.0), (-500.0, 501.0), (501.0, 1502.0), (1502.0, 2503.0)]
fixture=1 ppp=2 rotation=Cw270 heights=[500.5, 500.5, 500.5, 500.5, 500.5] gap_px=0 actual=[0.0, 0.0, 0.0, 0.0] painted=[(-2502.0, -1501.0), (-1501.0, -500.0), (-500.0, 501.0), (501.0, 1502.0), (1502.0, 2503.0)]
fixture=2 ppp=2 rotation=None heights=[500.25, 500.25, 500.25, 500.25, 500.25] gap_px=0 actual=[-1.0, 0.0, -1.0, 0.0] painted=[(-2501.0, -1500.0), (-1501.0, -500.0), (-500.0, 501.0), (500.0, 1501.0), (1501.0, 2502.0)]
fixture=2 ppp=2 rotation=Cw90 heights=[500.5, 500.5, 500.5, 500.5, 500.5] gap_px=0 actual=[0.0, 0.0, 0.0, 0.0] painted=[(-2502.0, -1501.0), (-1501.0, -500.0), (-500.0, 501.0), (501.0, 1502.0), (1502.0, 2503.0)]
fixture=2 ppp=2 rotation=Cw180 heights=[500.25, 500.25, 500.25, 500.25, 500.25] gap_px=0 actual=[-1.0, 0.0, -1.0, 0.0] painted=[(-2501.0, -1500.0), (-1501.0, -500.0), (-500.0, 501.0), (500.0, 1501.0), (1501.0, 2502.0)]
fixture=2 ppp=2 rotation=Cw270 heights=[500.5, 500.5, 500.5, 500.5, 500.5] gap_px=0 actual=[0.0, 0.0, 0.0, 0.0] painted=[(-2502.0, -1501.0), (-1501.0, -500.0), (-500.0, 501.0), (501.0, 1502.0), (1502.0, 2503.0)]
fixture 0 = alternating odd/even single pages; 1 = untrimmed mixed spreads; 2 = opposite trims on mixed spreads
[boundaries checked, incorrect gap >0.01px] by fixture: [[2880, 0], [2880, 480], [2880, 960]]
