ppp=1 physical_scale=1 mixed=false trim=false gap_px=0 gaps=[0.0, 0.0, 0.0, 0.0] painted=[(-2502.0, -1501.0), (-1501.0, -500.0), (-500.0, 501.0), (501.0, 1502.0), (1502.0, 2503.0)]
ppp=1 physical_scale=1 mixed=false trim=true gap_px=0 gaps=[0.0, 0.0, 0.0, 0.0] painted=[(-1827.0, -1096.0), (-1096.0, -365.0), (-365.0, 366.0), (366.0, 1097.0), (1097.0, 1828.0)]
ppp=1 physical_scale=1 mixed=true trim=false gap_px=0 gaps=[1.0, -1.0, 1.0, -1.0] painted=[(-2501.0, -1501.0), (-1500.0, -499.0), (-500.0, 500.0), (501.0, 1502.0), (1501.0, 2501.0)]
ppp=1 physical_scale=1 mixed=true trim=false gap_px=1 gaps=[2.0, 0.0, 2.0, 0.0] painted=[(-2503.0, -1503.0), (-1501.0, -500.0), (-500.0, 500.0), (502.0, 1503.0), (1503.0, 2503.0)]
ppp=1 physical_scale=1 mixed=true trim=false gap_px=20 gaps=[21.0, 19.0, 21.0, 19.0] painted=[(-2541.0, -1541.0), (-1520.0, -519.0), (-500.0, 500.0), (521.0, 1522.0), (1541.0, 2541.0)]
ppp=1 physical_scale=1 mixed=true trim=true gap_px=0 gaps=[1.0, -1.0, 1.0, -1.0] painted=[(-1826.0, -1096.0), (-1095.0, -364.0), (-365.0, 365.0), (366.0, 1097.0), (1096.0, 1826.0)]
ppp=1 physical_scale=1 mixed=true trim=true gap_px=1 gaps=[2.0, 0.0, 2.0, 0.0] painted=[(-1828.0, -1098.0), (-1096.0, -365.0), (-365.0, 365.0), (367.0, 1098.0), (1098.0, 1828.0)]
ppp=1 physical_scale=1 mixed=true trim=true gap_px=20 gaps=[21.0, 19.0, 21.0, 19.0] painted=[(-1866.0, -1136.0), (-1115.0, -384.0), (-365.0, 365.0), (386.0, 1117.0), (1136.0, 1866.0)]
ppp=1.25 physical_scale=1 mixed=false trim=false gap_px=0 gaps=[0.0, 6.1035156e-5, 0.0, 0.0] painted=[(-2502.0, -1501.0), (-1501.0, -500.00006), (-500.0, 501.0), (501.0, 1502.0), (1502.0, 2503.0)]
ppp=1.25 physical_scale=1 mixed=false trim=true gap_px=0 gaps=[0.0, 0.0, 0.0, 0.0] painted=[(-1827.0, -1096.0), (-1096.0, -365.0), (-365.0, 366.0), (366.0, 1097.0), (1097.0, 1827.9999)]
ppp=1.25 physical_scale=1 mixed=true trim=false gap_px=0 gaps=[1.0, -1.0, 1.0, -1.0] painted=[(-2501.0, -1501.0), (-1500.0, -499.0), (-500.0, 500.0), (501.0, 1502.0), (1501.0, 2501.0)]
ppp=1.25 physical_scale=1 mixed=true trim=false gap_px=1 gaps=[2.0, 6.1035156e-5, 1.9999695, 0.00012207031] painted=[(-2503.0, -1503.0), (-1501.0, -500.00006), (-500.0, 500.0), (501.99997, 1502.9999), (1503.0, 2503.0)]
ppp=1.25 physical_scale=1 mixed=true trim=false gap_px=25 gaps=[26.0, 24.0, 26.0, 24.0] painted=[(-2551.0, -1551.0), (-1525.0, -524.0), (-500.0, 500.0), (526.0, 1527.0), (1551.0, 2551.0)]
ppp=1.25 physical_scale=1 mixed=true trim=true gap_px=0 gaps=[1.0, -1.0, 1.0, -1.0] painted=[(-1826.0, -1096.0), (-1095.0, -364.0), (-365.0, 365.0), (366.0, 1097.0), (1096.0, 1826.0)]
ppp=1.25 physical_scale=1 mixed=true trim=true gap_px=1 gaps=[2.0, 0.0, 1.9999695, 0.0] painted=[(-1828.0, -1098.0), (-1096.0, -365.0), (-365.0, 365.0), (366.99997, 1098.0), (1098.0, 1828.0)]
ppp=1.25 physical_scale=1 mixed=true trim=true gap_px=25 gaps=[26.0, 24.0, 26.0, 24.0] painted=[(-1876.0, -1146.0), (-1120.0, -389.0), (-365.0, 365.0), (391.0, 1122.0), (1146.0, 1876.0)]
ppp=1.5 physical_scale=1 mixed=false trim=false gap_px=0 gaps=[0.0, -3.0517578e-5, 0.0, 0.0] painted=[(-2502.0, -1501.0), (-1501.0, -499.99997), (-500.0, 500.99994), (500.99994, 1501.9999), (1501.9999, 2502.9998)]
ppp=1.5 physical_scale=1 mixed=false trim=true gap_px=0 gaps=[0.00012207031, 6.1035156e-5, 0.0, 0.0] painted=[(-1827.0002, -1096.0001), (-1096.0, -365.00006), (-365.0, 366.0), (366.0, 1097.0), (1097.0, 1828.0001)]
ppp=1.5 physical_scale=1 mixed=true trim=false gap_px=0 gaps=[1.0, -0.9999695, 0.99993896, -0.9998779] painted=[(-2501.0, -1501.0), (-1500.0, -499.00003), (-500.0, 500.0), (500.99994, 1501.9999), (1501.0, 2501.0)]
ppp=1.5 physical_scale=1 mixed=true trim=false gap_px=2 gaps=[3.0, 1.0000916, 3.0, 0.9998779] painted=[(-2505.0, -1505.0), (-1502.0, -501.0001), (-500.0, 500.0), (503.0, 1504.0), (1504.9999, 2505.0)]
ppp=1.5 physical_scale=1 mixed=true trim=false gap_px=30 gaps=[31.000122, 29.0, 30.999939, 29.000122] painted=[(-2561.0, -1561.0001), (-1530.0, -529.0), (-500.0, 500.0), (530.99994, 1531.9999), (1561.0, 2561.0)]
ppp=1.5 physical_scale=1 mixed=true trim=true gap_px=0 gaps=[1.0001221, -1.000061, 1.0000305, -1.0] painted=[(-1826.0, -1096.0), (-1094.9999, -363.99994), (-365.0, 364.99997), (366.0, 1097.0), (1096.0, 1825.9999)]
ppp=1.5 physical_scale=1 mixed=true trim=true gap_px=2 gaps=[3.000122, 1.0, 3.0, 1.0] painted=[(-1830.0002, -1100.0001), (-1097.0, -366.0), (-365.0, 364.99997), (367.99997, 1099.0), (1100.0, 1830.0)]
ppp=1.5 physical_scale=1 mixed=true trim=true gap_px=30 gaps=[31.000122, 28.999939, 31.00003, 29.0] painted=[(-1886.0, -1156.0), (-1124.9999, -393.99994), (-365.0, 364.99997), (396.0, 1127.0), (1156.0, 1885.9999)]
ppp=1.5 physical_scale=1.125 mixed=true trim=false gap_px=2 gaps=[1.0, 3.0, 2.0, 2.000122] painted=[(-2817.0, -1692.0), (-1691.0, -565.0), (-562.0, 563.0), (565.0, 1691.0), (1693.0001, 2818.0)]
ppp=2 physical_scale=1 mixed=false trim=false gap_px=0 gaps=[0.0, 0.0, 0.0, 0.0] painted=[(-2502.0, -1501.0), (-1501.0, -500.0), (-500.0, 501.0), (501.0, 1502.0), (1502.0, 2503.0)]
ppp=2 physical_scale=1 mixed=false trim=true gap_px=0 gaps=[0.0, 0.0, 0.0, 0.0] painted=[(-1827.0, -1096.0), (-1096.0, -365.0), (-365.0, 366.0), (366.0, 1097.0), (1097.0, 1828.0)]
ppp=2 physical_scale=1 mixed=true trim=false gap_px=0 gaps=[1.0, -1.0, 1.0, -1.0] painted=[(-2501.0, -1501.0), (-1500.0, -499.0), (-500.0, 500.0), (501.0, 1502.0), (1501.0, 2501.0)]
ppp=2 physical_scale=1 mixed=true trim=false gap_px=2 gaps=[3.0, 1.0, 3.0, 1.0] painted=[(-2505.0, -1505.0), (-1502.0, -501.0), (-500.0, 500.0), (503.0, 1504.0), (1505.0, 2505.0)]
ppp=2 physical_scale=1 mixed=true trim=false gap_px=40 gaps=[41.0, 39.0, 41.0, 39.0] painted=[(-2581.0, -1581.0), (-1540.0, -539.0), (-500.0, 500.0), (541.0, 1542.0), (1581.0, 2581.0)]
ppp=2 physical_scale=1 mixed=true trim=true gap_px=0 gaps=[1.0, -1.0, 1.0, -1.0] painted=[(-1826.0, -1096.0), (-1095.0, -364.0), (-365.0, 365.0), (366.0, 1097.0), (1096.0, 1826.0)]
ppp=2 physical_scale=1 mixed=true trim=true gap_px=2 gaps=[3.0, 1.0, 3.0, 1.0] painted=[(-1830.0, -1100.0), (-1097.0, -366.0), (-365.0, 365.0), (368.0, 1099.0), (1100.0, 1830.0)]
ppp=2 physical_scale=1 mixed=true trim=true gap_px=40 gaps=[41.0, 39.0, 41.0, 39.0] painted=[(-1906.0, -1176.0), (-1135.0, -404.0), (-365.0, 365.0), (406.0, 1137.0), (1176.0, 1906.0)]
Checked 2880 adjacent boundaries; 464 differ from the configured physical gap by >0.01px.
