ppp=1 physical_scale=1 mixed=false trim=false gap_px=0 gaps=[0.0, 0.0, 1.0, 0.0] painted=[(-2503.0, -1502.0), (-1502.0, -501.0), (-501.0, 500.0), (501.0, 1502.0), (1502.0, 2503.0)]
ppp=1 physical_scale=1 mixed=false trim=false gap_px=1 gaps=[1.0, 1.0, 2.0, 1.0] painted=[(-2505.0, -1504.0), (-1503.0, -502.0), (-501.0, 500.0), (502.0, 1503.0), (1504.0, 2505.0)]
ppp=1 physical_scale=1 mixed=false trim=false gap_px=20 gaps=[20.0, 20.0, 21.0, 20.0] painted=[(-2543.0, -1542.0), (-1522.0, -521.0), (-501.0, 500.0), (521.0, 1522.0), (1542.0, 2543.0)]
ppp=1 physical_scale=1 mixed=false trim=true gap_px=0 gaps=[0.0, 0.0, 1.0, 0.0] painted=[(-1828.0, -1097.0), (-1097.0, -366.0), (-366.0, 365.0), (366.0, 1097.0), (1097.0, 1828.0)]
ppp=1 physical_scale=1 mixed=false trim=true gap_px=1 gaps=[1.0, 1.0, 2.0, 1.0] painted=[(-1830.0, -1099.0), (-1098.0, -367.0), (-366.0, 365.0), (367.0, 1098.0), (1099.0, 1830.0)]
ppp=1 physical_scale=1 mixed=false trim=true gap_px=20 gaps=[20.0, 20.0, 21.0, 20.0] painted=[(-1868.0, -1137.0), (-1117.0, -386.0), (-366.0, 365.0), (386.0, 1117.0), (1137.0, 1868.0)]
ppp=1 physical_scale=1 mixed=true trim=false gap_px=0 gaps=[0.0, 0.0, 0.0, 0.0] painted=[(-2501.0, -1501.0), (-1501.0, -500.0), (-500.0, 500.0), (500.0, 1501.0), (1501.0, 2501.0)]
ppp=1 physical_scale=1 mixed=true trim=true gap_px=0 gaps=[0.0, 0.0, 0.0, 0.0] painted=[(-1826.0, -1096.0), (-1096.0, -365.0), (-365.0, 365.0), (365.0, 1096.0), (1096.0, 1826.0)]
ppp=1 physical_scale=0.73 mixed=false trim=true gap_px=0 gaps=[0.0, 0.0, 0.0, 1.0] painted=[(-1333.0, -800.0), (-800.0, -267.0), (-267.0, 266.0), (266.0, 799.0), (800.0, 1333.0)]
ppp=1 physical_scale=0.73 mixed=false trim=true gap_px=1 gaps=[1.0, 1.0, 1.0, 2.0] painted=[(-1335.0, -802.0), (-801.0, -268.0), (-267.0, 266.0), (267.0, 800.0), (802.0, 1335.0)]
ppp=1 physical_scale=0.73 mixed=false trim=true gap_px=20 gaps=[20.0, 20.0, 20.0, 21.0] painted=[(-1373.0, -840.0), (-820.0, -287.0), (-267.0, 266.0), (286.0, 819.0), (840.0, 1373.0)]
ppp=1 physical_scale=0.73 mixed=true trim=true gap_px=0 gaps=[0.0, 0.0, 0.0, 1.0] painted=[(-1333.0, -800.0), (-800.0, -267.0), (-267.0, 266.0), (266.0, 799.0), (800.0, 1333.0)]
ppp=1 physical_scale=0.73 mixed=true trim=true gap_px=1 gaps=[1.0, 1.0, 1.0, 2.0] painted=[(-1335.0, -802.0), (-801.0, -268.0), (-267.0, 266.0), (267.0, 800.0), (802.0, 1335.0)]
ppp=1 physical_scale=0.73 mixed=true trim=true gap_px=20 gaps=[20.0, 20.0, 20.0, 21.0] painted=[(-1373.0, -840.0), (-820.0, -287.0), (-267.0, 266.0), (286.0, 819.0), (840.0, 1373.0)]
ppp=1 physical_scale=1.125 mixed=true trim=false gap_px=0 gaps=[0.0, 0.0, 1.0, 0.0] painted=[(-2814.0, -1689.0), (-1689.0, -563.0), (-563.0, 562.0), (563.0, 1689.0), (1689.0, 2814.0)]
ppp=1 physical_scale=1.125 mixed=true trim=false gap_px=1 gaps=[1.0, 1.0, 2.0, 1.0] painted=[(-2816.0, -1691.0), (-1690.0, -564.0), (-563.0, 562.0), (564.0, 1690.0), (1691.0, 2816.0)]
ppp=1 physical_scale=1.125 mixed=true trim=false gap_px=20 gaps=[20.0, 20.0, 21.0, 20.0] painted=[(-2854.0, -1729.0), (-1709.0, -583.0), (-563.0, 562.0), (583.0, 1709.0), (1729.0, 2854.0)]
ppp=1.25 physical_scale=1 mixed=false trim=false gap_px=0 gaps=[0.00012207031, 0.0, 1.0, 0.0] painted=[(-2503.0, -1502.0001), (-1502.0, -501.0), (-501.0, 500.0), (501.0, 1502.0), (1502.0, 2503.0)]
ppp=1.25 physical_scale=1 mixed=false trim=false gap_px=25 gaps=[25.000122, 25.0, 26.0, 25.0] painted=[(-2553.0, -1552.0001), (-1527.0, -526.0), (-501.0, 500.0), (526.0, 1527.0), (1552.0, 2553.0)]
ppp=1.25 physical_scale=1 mixed=false trim=true gap_px=0 gaps=[0.0, 0.0, 1.0, -1.0] painted=[(-1828.0, -1097.0), (-1097.0, -366.0), (-366.0, 365.0), (366.0, 1097.0), (1096.0, 1827.0)]
ppp=1.25 physical_scale=1 mixed=false trim=true gap_px=25 gaps=[25.0, 25.0, 26.0, 24.0] painted=[(-1878.0, -1147.0), (-1122.0, -391.0), (-366.0, 365.0), (391.0, 1122.0), (1146.0, 1877.0)]
ppp=1.25 physical_scale=1 mixed=true trim=false gap_px=0 gaps=[0.0, 6.1035156e-5, 0.0, 0.0] painted=[(-2501.0, -1501.0), (-1501.0, -500.00006), (-500.0, 500.0), (500.0, 1501.0), (1501.0, 2501.0)]
ppp=1.25 physical_scale=1 mixed=true trim=true gap_px=0 gaps=[0.0, 0.0, 0.0, 0.0] painted=[(-1826.0, -1096.0), (-1096.0, -365.0), (-365.0, 365.0), (365.0, 1096.0), (1096.0, 1826.0)]
ppp=1.25 physical_scale=0.73 mixed=false trim=true gap_px=0 gaps=[0.0, 0.0, 1.0, 0.0] painted=[(-1333.0, -800.0), (-800.0, -267.0), (-267.0, 266.0), (267.0, 800.0), (800.0, 1333.0)]
ppp=1.25 physical_scale=0.73 mixed=false trim=true gap_px=1 gaps=[0.9998779, 0.0, 1.0, 1.0] painted=[(-1334.0, -800.9999), (-800.0, -267.0), (-267.0, 266.0), (267.0, 800.0), (801.0, 1334.0)]
ppp=1.25 physical_scale=0.73 mixed=false trim=true gap_px=25 gaps=[25.0, 25.0, 26.0, 25.0] painted=[(-1383.0, -850.0), (-825.0, -292.0), (-267.0, 266.0), (292.0, 825.0), (850.0, 1383.0)]
ppp=1.25 physical_scale=0.73 mixed=true trim=true gap_px=0 gaps=[0.0, 0.0, 1.0, 0.0] painted=[(-1333.0, -800.0), (-800.0, -267.0), (-267.0, 266.0), (267.0, 800.0), (800.0, 1333.0)]
ppp=1.25 physical_scale=0.73 mixed=true trim=true gap_px=1 gaps=[0.9998779, 0.0, 1.0, 1.0] painted=[(-1334.0, -800.9999), (-800.0, -267.0), (-267.0, 266.0), (267.0, 800.0), (801.0, 1334.0)]
ppp=1.25 physical_scale=0.73 mixed=true trim=true gap_px=25 gaps=[25.0, 25.0, 26.0, 25.0] painted=[(-1383.0, -850.0), (-825.0, -292.0), (-267.0, 266.0), (292.0, 825.0), (850.0, 1383.0)]
ppp=1.25 physical_scale=1.125 mixed=true trim=false gap_px=0 gaps=[0.0, -6.1035156e-5, 1.0, 0.0] painted=[(-2814.0, -1689.0), (-1689.0, -562.99994), (-563.0, 562.0), (563.0, 1689.0), (1689.0, 2814.0)]
ppp=1.25 physical_scale=1.125 mixed=true trim=false gap_px=1 gaps=[1.0, 1.0, 2.0, 0.0] painted=[(-2816.0, -1691.0), (-1690.0, -564.0), (-563.0, 562.0), (564.0, 1690.0), (1690.0, 2815.0)]
ppp=1.25 physical_scale=1.125 mixed=true trim=false gap_px=25 gaps=[25.0, 24.999939, 26.0, 25.0] painted=[(-2864.0, -1739.0), (-1714.0, -587.99994), (-563.0, 562.0), (588.0, 1714.0), (1739.0, 2864.0)]
ppp=1.5 physical_scale=1 mixed=false trim=false gap_px=0 gaps=[1.0, -0.99993896, 1.0000305, -1.0] painted=[(-2503.0, -1502.0), (-1501.0, -500.00006), (-501.0, 499.99997), (501.0, 1502.0), (1501.0, 2502.0)]
ppp=1.5 physical_scale=1 mixed=false trim=false gap_px=30 gaps=[30.999878, 29.000061, 31.00003, 30.0] painted=[(-2563.0, -1561.9999), (-1531.0, -530.00006), (-501.0, 499.99997), (531.0, 1532.0), (1562.0, 2563.0)]
ppp=1.5 physical_scale=1 mixed=false trim=true gap_px=0 gaps=[0.0, 1.0, 0.0, 0.0] painted=[(-1828.0001, -1097.0), (-1097.0, -366.0), (-365.0, 366.0), (366.0, 1097.0), (1097.0, 1828.0001)]
ppp=1.5 physical_scale=1 mixed=false trim=true gap_px=2 gaps=[2.0, 2.9999695, 2.0, 2.0] painted=[(-1832.0, -1101.0), (-1099.0, -367.99997), (-365.0, 366.0), (368.0, 1099.0), (1101.0, 1831.9999)]
ppp=1.5 physical_scale=1 mixed=false trim=true gap_px=30 gaps=[30.0, 31.0, 30.0, 30.0] painted=[(-1888.0001, -1157.0), (-1127.0, -396.0), (-365.0, 366.0), (396.0, 1127.0), (1157.0, 1888.0001)]
ppp=1.5 physical_scale=1 mixed=true trim=false gap_px=0 gaps=[0.0, 6.1035156e-5, 0.0, 0.0] painted=[(-2501.0, -1501.0), (-1501.0, -500.00006), (-500.0, 500.0), (500.0, 1501.0), (1501.0, 2501.0)]
ppp=1.5 physical_scale=1 mixed=true trim=true gap_px=0 gaps=[0.0, -3.0517578e-5, 3.0517578e-5, 0.0] painted=[(-1826.0, -1096.0), (-1096.0, -364.99997), (-365.0, 364.99997), (365.0, 1096.0), (1096.0, 1825.9999)]
ppp=1.5 physical_scale=0.73 mixed=false trim=true gap_px=0 gaps=[0.0, 6.1035156e-5, 1.0, -1.0] painted=[(-1333.0, -800.00006), (-800.00006, -267.00006), (-267.0, 266.0), (267.0, 800.0), (799.0, 1332.0)]
ppp=1.5 physical_scale=0.73 mixed=false trim=true gap_px=2 gaps=[3.0, 1.0, 3.0, 2.000061] painted=[(-1337.0, -804.0), (-801.0, -268.0), (-267.0, 266.0), (269.0, 801.99994), (804.0, 1337.0)]
ppp=1.5 physical_scale=0.73 mixed=false trim=true gap_px=30 gaps=[30.0, 30.000061, 31.0, 29.0] painted=[(-1393.0, -860.00006), (-830.00006, -297.00006), (-267.0, 266.0), (297.0, 830.0), (859.0, 1392.0)]
ppp=1.5 physical_scale=0.73 mixed=true trim=true gap_px=0 gaps=[0.0, 6.1035156e-5, 1.0, 0.0] painted=[(-1333.0, -800.00006), (-800.00006, -267.00006), (-267.0, 266.0), (267.0, 800.0), (800.0, 1333.0)]
ppp=1.5 physical_scale=0.73 mixed=true trim=true gap_px=2 gaps=[2.000061, 1.0, 3.0, 2.000061] painted=[(-1336.0, -803.00006), (-801.0, -268.0), (-267.0, 266.0), (269.0, 801.99994), (804.0, 1337.0)]
ppp=1.5 physical_scale=0.73 mixed=true trim=true gap_px=30 gaps=[30.0, 30.000061, 31.0, 30.0] painted=[(-1393.0, -860.00006), (-830.00006, -297.00006), (-267.0, 266.0), (297.0, 830.0), (860.0, 1393.0)]
ppp=1.5 physical_scale=1.125 mixed=true trim=false gap_px=0 gaps=[0.0, 0.0, 1.0, 0.0] painted=[(-2814.0, -1689.0), (-1689.0, -563.0), (-563.0, 562.0), (563.0, 1689.0), (1689.0, 2814.0)]
ppp=1.5 physical_scale=1.125 mixed=true trim=false gap_px=2 gaps=[2.0, 2.0, 3.0, 2.0] painted=[(-2818.0, -1693.0), (-1691.0, -565.0), (-563.0, 562.0), (565.0, 1691.0), (1693.0, 2818.0)]
ppp=1.5 physical_scale=1.125 mixed=true trim=false gap_px=30 gaps=[30.0, 30.0, 31.0, 30.0] painted=[(-2874.0, -1749.0), (-1719.0, -593.0), (-563.0, 562.0), (593.0, 1719.0), (1749.0, 2874.0)]
ppp=2 physical_scale=1 mixed=false trim=false gap_px=0 gaps=[0.0, 0.0, 1.0, 0.0] painted=[(-2503.0, -1502.0), (-1502.0, -501.0), (-501.0, 500.0), (501.0, 1502.0), (1502.0, 2503.0)]
ppp=2 physical_scale=1 mixed=false trim=false gap_px=2 gaps=[2.0, 2.0, 3.0, 2.0] painted=[(-2507.0, -1506.0), (-1504.0, -503.0), (-501.0, 500.0), (503.0, 1504.0), (1506.0, 2507.0)]
ppp=2 physical_scale=1 mixed=false trim=false gap_px=40 gaps=[40.0, 40.0, 41.0, 40.0] painted=[(-2583.0, -1582.0), (-1542.0, -541.0), (-501.0, 500.0), (541.0, 1542.0), (1582.0, 2583.0)]
ppp=2 physical_scale=1 mixed=false trim=true gap_px=0 gaps=[0.0, 0.0, 1.0, 0.0] painted=[(-1828.0, -1097.0), (-1097.0, -366.0), (-366.0, 365.0), (366.0, 1097.0), (1097.0, 1828.0)]
ppp=2 physical_scale=1 mixed=false trim=true gap_px=2 gaps=[2.0, 2.0, 3.0, 2.0] painted=[(-1832.0, -1101.0), (-1099.0, -368.0), (-366.0, 365.0), (368.0, 1099.0), (1101.0, 1832.0)]
ppp=2 physical_scale=1 mixed=false trim=true gap_px=40 gaps=[40.0, 40.0, 41.0, 40.0] painted=[(-1908.0, -1177.0), (-1137.0, -406.0), (-366.0, 365.0), (406.0, 1137.0), (1177.0, 1908.0)]
ppp=2 physical_scale=1 mixed=true trim=false gap_px=0 gaps=[0.0, 0.0, 0.0, 0.0] painted=[(-2501.0, -1501.0), (-1501.0, -500.0), (-500.0, 500.0), (500.0, 1501.0), (1501.0, 2501.0)]
ppp=2 physical_scale=1 mixed=true trim=true gap_px=0 gaps=[0.0, 0.0, 0.0, 0.0] painted=[(-1826.0, -1096.0), (-1096.0, -365.0), (-365.0, 365.0), (365.0, 1096.0), (1096.0, 1826.0)]
ppp=2 physical_scale=0.73 mixed=false trim=true gap_px=0 gaps=[0.0, 0.0, 0.0, 1.0] painted=[(-1333.0, -800.0), (-800.0, -267.0), (-267.0, 266.0), (266.0, 799.0), (800.0, 1333.0)]
ppp=2 physical_scale=0.73 mixed=false trim=true gap_px=2 gaps=[2.0, 2.0, 2.0, 3.0] painted=[(-1337.0, -804.0), (-802.0, -269.0), (-267.0, 266.0), (268.0, 801.0), (804.0, 1337.0)]
ppp=2 physical_scale=0.73 mixed=false trim=true gap_px=40 gaps=[40.0, 40.0, 40.0, 41.0] painted=[(-1413.0, -880.0), (-840.0, -307.0), (-267.0, 266.0), (306.0, 839.0), (880.0, 1413.0)]
ppp=2 physical_scale=0.73 mixed=true trim=true gap_px=0 gaps=[0.0, 0.0, 0.0, 1.0] painted=[(-1333.0, -800.0), (-800.0, -267.0), (-267.0, 266.0), (266.0, 799.0), (800.0, 1333.0)]
ppp=2 physical_scale=0.73 mixed=true trim=true gap_px=2 gaps=[2.0, 2.0, 2.0, 3.0] painted=[(-1337.0, -804.0), (-802.0, -269.0), (-267.0, 266.0), (268.0, 801.0), (804.0, 1337.0)]
ppp=2 physical_scale=0.73 mixed=true trim=true gap_px=40 gaps=[40.0, 40.0, 40.0, 41.0] painted=[(-1413.0, -880.0), (-840.0, -307.0), (-267.0, 266.0), (306.0, 839.0), (880.0, 1413.0)]
ppp=2 physical_scale=1.125 mixed=true trim=false gap_px=0 gaps=[0.0, 0.0, 1.0, 0.0] painted=[(-2814.0, -1689.0), (-1689.0, -563.0), (-563.0, 562.0), (563.0, 1689.0), (1689.0, 2814.0)]
ppp=2 physical_scale=1.125 mixed=true trim=false gap_px=2 gaps=[2.0, 2.0, 3.0, 2.0] painted=[(-2818.0, -1693.0), (-1691.0, -565.0), (-563.0, 562.0), (565.0, 1691.0), (1693.0, 2818.0)]
ppp=2 physical_scale=1.125 mixed=true trim=false gap_px=40 gaps=[40.0, 40.0, 41.0, 40.0] painted=[(-2894.0, -1769.0), (-1729.0, -603.0), (-563.0, 562.0), (603.0, 1729.0), (1769.0, 2894.0)]
Checked 2880 adjacent boundaries; 348 differ from the configured physical gap by >0.01px.
